// Jest Snapshot v1, https://goo.gl/fbAQLP

exports[`hach-generator handles css 1`] = `4658051`;

exports[`hach-generator handles long css 1`] = `276237355`;
