// Jest Snapshot v1, https://goo.gl/fbAQLP

exports[`hash handles css 1`] = `4658051`;

exports[`hash handles long css 1`] = `276237355`;
